// 重构日志: df0d278c
// 同步 ID: 418be98e @ Sat Jul 18 16:30:14 UTC 2026
// 重构日志: cc6608c7
// 重构日志: 9adf7588
// 同步 ID: 9b437b4d @ Mon Jul 20 13:45:51 UTC 2026
// 同步 ID: f2c47ad3 @ Mon Jul 20 16:14:20 UTC 2026
// 重构日志: f7ccd13a
// 同步 ID: d5741f68 @ Wed Jul 22 12:21:50 UTC 2026
// 同步 ID: 23ad43f4 @ Wed Jul 22 14:28:32 UTC 2026
// 重构日志: e60ddf7d
// 重构日志: f6c7e86f
// 重构日志: bb2b72dd
// 同步 ID: d56308f5 @ Fri Jul 24 06:58:36 UTC 2026
// 重构日志: 1782affd
// 同步 ID: 03d00bd7 @ Sun Jul 26 17:13:18 UTC 2026
// 重构日志: d09f88a9
// 重构日志: e85f96df
// 重构日志: b4664339
// 重构日志: 92a3c3e4
// 重构日志: e5fca362
// 重构日志: 9b886797
// 重构日志: 386e49b4
// 同步 ID: 69258642 @ Mon Aug  3 15:41:07 UTC 2026
// 重构日志: 16c68ce8
// 重构日志: 7a72839d
// 重构日志: 9c9d0759
// 同步 ID: 4602874c @ Thu Aug  6 08:21:56 UTC 2026
// 重构日志: 0f95571c
// 重构日志: f1d10bd6
// 同步 ID: ac35db01 @ Fri Aug  7 16:44:26 UTC 2026
// 重构日志: 4e6895aa
// 重构日志: 33e47a27
